  Determining projects to restore...
  All projects are up-to-date for restore.
D:\web\DurianQR\backend\Program.cs(48,9): error CS1061: 'WebApplication' does not contain a definition for 'UseSwaggerUI' and no accessible extension method 'UseSwaggerUI' accepting a first argument of type 'WebApplication' could be found (are you missing a using directive or an assembly reference?) [D:\web\DurianQR\backend\DurianQR.API.csproj]

Build FAILED.

D:\web\DurianQR\backend\Program.cs(48,9): error CS1061: 'WebApplication' does not contain a definition for 'UseSwaggerUI' and no accessible extension method 'UseSwaggerUI' accepting a first argument of type 'WebApplication' could be found (are you missing a using directive or an assembly reference?) [D:\web\DurianQR\backend\DurianQR.API.csproj]
    0 Warning(s)
    1 Error(s)

Time Elapsed 00:00:01.03
